Archive member included because of file (symbol)

c:/program files/atmel/avr tools/avr toolchain/bin/../lib/gcc/avr/4.5.1/avr5\libgcc.a(_udivmodhi4.o)
                              04_projex.o (__udivmodhi4)
c:/program files/atmel/avr tools/avr toolchain/bin/../lib/gcc/avr/4.5.1/avr5\libgcc.a(_divmodhi4.o)
                              04_projex.o (__divmodhi4)
c:/program files/atmel/avr tools/avr toolchain/bin/../lib/gcc/avr/4.5.1/avr5\libgcc.a(_exit.o)
                              c:/program files/atmel/avr tools/avr toolchain/bin/../lib/gcc/avr/4.5.1/../../../../avr/lib/avr5/crtm16.o (exit)
c:/program files/atmel/avr tools/avr toolchain/bin/../lib/gcc/avr/4.5.1/avr5\libgcc.a(_copy_data.o)
                              04_projex.o (__do_copy_data)
c:/program files/atmel/avr tools/avr toolchain/bin/../lib/gcc/avr/4.5.1/avr5\libgcc.a(_clear_bss.o)
                              04_projex.o (__do_clear_bss)
c:/program files/atmel/avr tools/avr toolchain/bin/../lib/gcc/avr/4.5.1/../../../../avr/lib/avr5\libc.a(dtostrf.o)
                              04_projex.o (dtostrf)
c:/program files/atmel/avr tools/avr toolchain/bin/../lib/gcc/avr/4.5.1/../../../../avr/lib/avr5\libc.a(ltoa.o)
                              04_projex.o (ltoa)
c:/program files/atmel/avr tools/avr toolchain/bin/../lib/gcc/avr/4.5.1/../../../../avr/lib/avr5\libc.a(dtoa_prf.o)
                              c:/program files/atmel/avr tools/avr toolchain/bin/../lib/gcc/avr/4.5.1/../../../../avr/lib/avr5\libc.a(dtostrf.o) (dtoa_prf)
c:/program files/atmel/avr tools/avr toolchain/bin/../lib/gcc/avr/4.5.1/../../../../avr/lib/avr5\libc.a(ftoa_engine.o)
                              c:/program files/atmel/avr tools/avr toolchain/bin/../lib/gcc/avr/4.5.1/../../../../avr/lib/avr5\libc.a(dtoa_prf.o) (__ftoa_engine)
c:/program files/atmel/avr tools/avr toolchain/bin/../lib/gcc/avr/4.5.1/../../../../avr/lib/avr5\libc.a(strrev.o)
                              c:/program files/atmel/avr tools/avr toolchain/bin/../lib/gcc/avr/4.5.1/../../../../avr/lib/avr5\libc.a(ltoa.o) (strrev)
c:/program files/atmel/avr tools/avr toolchain/bin/../lib/gcc/avr/4.5.1/avr5\libgcc.a(_udivmodsi4.o)
                              c:/program files/atmel/avr tools/avr toolchain/bin/../lib/gcc/avr/4.5.1/../../../../avr/lib/avr5\libc.a(ltoa.o) (__udivmodsi4)
c:/program files/atmel/avr tools/avr toolchain/bin/../lib/gcc/avr/4.5.1/avr5\libgcc.a(_prologue.o)
                              c:/program files/atmel/avr tools/avr toolchain/bin/../lib/gcc/avr/4.5.1/../../../../avr/lib/avr5\libc.a(dtoa_prf.o) (__prologue_saves__)
c:/program files/atmel/avr tools/avr toolchain/bin/../lib/gcc/avr/4.5.1/avr5\libgcc.a(_epilogue.o)
                              c:/program files/atmel/avr tools/avr toolchain/bin/../lib/gcc/avr/4.5.1/../../../../avr/lib/avr5\libc.a(dtoa_prf.o) (__epilogue_restores__)

Memory Configuration

Name             Origin             Length             Attributes
text             0x00000000         0x00020000         xr
data             0x00800060         0x0000ffa0         rw !x
eeprom           0x00810000         0x00010000         rw !x
fuse             0x00820000         0x00000400         rw !x
lock             0x00830000         0x00000400         rw !x
signature        0x00840000         0x00000400         rw !x
*default*        0x00000000         0xffffffff

Linker script and memory map

LOAD c:/program files/atmel/avr tools/avr toolchain/bin/../lib/gcc/avr/4.5.1/../../../../avr/lib/avr5/crtm16.o
LOAD 04_projex.o
LOAD c:/program files/atmel/avr tools/avr toolchain/bin/../lib/gcc/avr/4.5.1/../../../../avr/lib/avr5\libm.a
LOAD c:/program files/atmel/avr tools/avr toolchain/bin/../lib/gcc/avr/4.5.1/avr5\libgcc.a
LOAD c:/program files/atmel/avr tools/avr toolchain/bin/../lib/gcc/avr/4.5.1/../../../../avr/lib/avr5\libc.a
LOAD c:/program files/atmel/avr tools/avr toolchain/bin/../lib/gcc/avr/4.5.1/avr5\libgcc.a

.hash
 *(.hash)

.dynsym
 *(.dynsym)

.dynstr
 *(.dynstr)

.gnu.version
 *(.gnu.version)

.gnu.version_d
 *(.gnu.version_d)

.gnu.version_r
 *(.gnu.version_r)

.rel.init
 *(.rel.init)

.rela.init
 *(.rela.init)

.rel.text
 *(.rel.text)
 *(.rel.text.*)
 *(.rel.gnu.linkonce.t*)

.rela.text
 *(.rela.text)
 *(.rela.text.*)
 *(.rela.gnu.linkonce.t*)

.rel.fini
 *(.rel.fini)

.rela.fini
 *(.rela.fini)

.rel.rodata
 *(.rel.rodata)
 *(.rel.rodata.*)
 *(.rel.gnu.linkonce.r*)

.rela.rodata
 *(.rela.rodata)
 *(.rela.rodata.*)
 *(.rela.gnu.linkonce.r*)

.rel.data
 *(.rel.data)
 *(.rel.data.*)
 *(.rel.gnu.linkonce.d*)

.rela.data
 *(.rela.data)
 *(.rela.data.*)
 *(.rela.gnu.linkonce.d*)

.rel.ctors
 *(.rel.ctors)

.rela.ctors
 *(.rela.ctors)

.rel.dtors
 *(.rel.dtors)

.rela.dtors
 *(.rela.dtors)

.rel.got
 *(.rel.got)

.rela.got
 *(.rela.got)

.rel.bss
 *(.rel.bss)

.rela.bss
 *(.rela.bss)

.rel.plt
 *(.rel.plt)

.rela.plt
 *(.rela.plt)

.text           0x00000000     0x24b0
 *(.vectors)
 .vectors       0x00000000       0x54 c:/program files/atmel/avr tools/avr toolchain/bin/../lib/gcc/avr/4.5.1/../../../../avr/lib/avr5/crtm16.o
                0x00000000                __vector_default
                0x00000000                __vectors
 *(.vectors)
 *(.progmem.gcc*)
 *(.progmem*)
 .progmem.data  0x00000054       0xfa c:/program files/atmel/avr tools/avr toolchain/bin/../lib/gcc/avr/4.5.1/../../../../avr/lib/avr5\libc.a(ftoa_engine.o)
                0x0000014e                . = ALIGN (0x2)
                0x0000014e                __trampolines_start = .
 *(.trampolines)
 .trampolines   0x0000014e        0x0 linker stubs
 *(.trampolines*)
                0x0000014e                __trampolines_end = .
 *(.jumptables)
 *(.jumptables*)
 *(.lowtext)
 *(.lowtext*)
                0x0000014e                __ctors_start = .
 *(.ctors)
                0x0000014e                __ctors_end = .
                0x0000014e                __dtors_start = .
 *(.dtors)
                0x0000014e                __dtors_end = .
 SORT(*)(.ctors)
 SORT(*)(.dtors)
 *(.init0)
 .init0         0x0000014e        0x0 c:/program files/atmel/avr tools/avr toolchain/bin/../lib/gcc/avr/4.5.1/../../../../avr/lib/avr5/crtm16.o
                0x0000014e                __init
 *(.init0)
 *(.init1)
 *(.init1)
 *(.init2)
 .init2         0x0000014e        0xc c:/program files/atmel/avr tools/avr toolchain/bin/../lib/gcc/avr/4.5.1/../../../../avr/lib/avr5/crtm16.o
 *(.init2)
 *(.init3)
 *(.init3)
 *(.init4)
 .init4         0x0000015a       0x16 c:/program files/atmel/avr tools/avr toolchain/bin/../lib/gcc/avr/4.5.1/avr5\libgcc.a(_copy_data.o)
                0x0000015a                __do_copy_data
 .init4         0x00000170       0x10 c:/program files/atmel/avr tools/avr toolchain/bin/../lib/gcc/avr/4.5.1/avr5\libgcc.a(_clear_bss.o)
                0x00000170                __do_clear_bss
 *(.init4)
 *(.init5)
 *(.init5)
 *(.init6)
 *(.init6)
 *(.init7)
 *(.init7)
 *(.init8)
 *(.init8)
 *(.init9)
 .init9         0x00000180        0x8 c:/program files/atmel/avr tools/avr toolchain/bin/../lib/gcc/avr/4.5.1/../../../../avr/lib/avr5/crtm16.o
 *(.init9)
 *(.text)
 .text          0x00000188        0x4 c:/program files/atmel/avr tools/avr toolchain/bin/../lib/gcc/avr/4.5.1/../../../../avr/lib/avr5/crtm16.o
                0x00000188                __vector_1
                0x00000188                __vector_12
                0x00000188                __bad_interrupt
                0x00000188                __vector_6
                0x00000188                __vector_3
                0x00000188                __vector_11
                0x00000188                __vector_13
                0x00000188                __vector_17
                0x00000188                __vector_19
                0x00000188                __vector_7
                0x00000188                __vector_5
                0x00000188                __vector_4
                0x00000188                __vector_2
                0x00000188                __vector_15
                0x00000188                __vector_14
                0x00000188                __vector_10
                0x00000188                __vector_16
                0x00000188                __vector_18
                0x00000188                __vector_20
 .text          0x0000018c     0x1cf6 04_projex.o
                0x0000018c                toggle_a
                0x000001f2                toggle_b
                0x00000258                toggle_c
                0x000002be                toggle_d
                0x00000324                in_a
                0x0000039a                in_b
                0x00000410                in_c
                0x00000486                in_d
                0x000004fc                out_a
                0x0000059c                out_b
                0x0000063c                out_c
                0x000006dc                out_d
                0x0000077c                __vector_8
                0x000007c8                pwm_init
                0x00000818                pwm
                0x000008ee                motor
                0x00000998                motor_stop
                0x000009ee                sleep
                0x00000a4c                analog
                0x00000ad4                lcd_clk
                0x00000b02                lcd_command
                0x00000b7a                lcd_text
                0x00000bf2                lcd_puts
                0x00000c40                inttolcd
                0x00000c9a                lcd_init
                0x00000d56                lcd
                0x000010e4                __vector_9
                0x00001330                servo_start
                0x0000138e                servo_stop
                0x000013d2                servo
                0x00001452                servo_pause
                0x0000147a                servo_resume
                0x000014a4                servo_get_status
                0x000014c6                delay_sound
                0x00001522                sound_a
                0x000015ce                sound_b
                0x0000167a                sound_c
                0x00001726                sound_d
                0x000017d2                beep_a
                0x000017f4                beep_b
                0x00001816                beep_c
                0x00001838                beep_d
                0x0000185a                getdist
                0x0000189c                main
                0x000018d4                step01
                0x00001a0e                step02
                0x00001ada                step3
                0x00001b2e                trackto
                0x00001ba0                startup
                0x00001be8                forward
                0x00001c1c                backward
                0x00001c50                turn_left
                0x00001c84                turn_right
                0x00001cb8                pause
                0x00001cde                L90
                0x00001d44                R90
                0x00001daa                servo_open
                0x00001df2                servo_close
                0x00001e3a                servo_put
 .text          0x00001e82        0x0 c:/program files/atmel/avr tools/avr toolchain/bin/../lib/gcc/avr/4.5.1/avr5\libgcc.a(_udivmodhi4.o)
 .text          0x00001e82        0x0 c:/program files/atmel/avr tools/avr toolchain/bin/../lib/gcc/avr/4.5.1/avr5\libgcc.a(_divmodhi4.o)
 .text          0x00001e82        0x0 c:/program files/atmel/avr tools/avr toolchain/bin/../lib/gcc/avr/4.5.1/avr5\libgcc.a(_exit.o)
 .text          0x00001e82        0x0 c:/program files/atmel/avr tools/avr toolchain/bin/../lib/gcc/avr/4.5.1/avr5\libgcc.a(_copy_data.o)
 .text          0x00001e82        0x0 c:/program files/atmel/avr tools/avr toolchain/bin/../lib/gcc/avr/4.5.1/avr5\libgcc.a(_clear_bss.o)
 .text          0x00001e82        0x0 c:/program files/atmel/avr tools/avr toolchain/bin/../lib/gcc/avr/4.5.1/../../../../avr/lib/avr5\libc.a(dtostrf.o)
 .text          0x00001e82        0x0 c:/program files/atmel/avr tools/avr toolchain/bin/../lib/gcc/avr/4.5.1/../../../../avr/lib/avr5\libc.a(ltoa.o)
 .text          0x00001e82        0x0 c:/program files/atmel/avr tools/avr toolchain/bin/../lib/gcc/avr/4.5.1/../../../../avr/lib/avr5\libc.a(dtoa_prf.o)
 .text          0x00001e82        0x0 c:/program files/atmel/avr tools/avr toolchain/bin/../lib/gcc/avr/4.5.1/../../../../avr/lib/avr5\libc.a(ftoa_engine.o)
 .text          0x00001e82        0x0 c:/program files/atmel/avr tools/avr toolchain/bin/../lib/gcc/avr/4.5.1/../../../../avr/lib/avr5\libc.a(strrev.o)
 .text          0x00001e82        0x0 c:/program files/atmel/avr tools/avr toolchain/bin/../lib/gcc/avr/4.5.1/avr5\libgcc.a(_udivmodsi4.o)
 .text          0x00001e82        0x0 c:/program files/atmel/avr tools/avr toolchain/bin/../lib/gcc/avr/4.5.1/avr5\libgcc.a(_prologue.o)
 .text          0x00001e82        0x0 c:/program files/atmel/avr tools/avr toolchain/bin/../lib/gcc/avr/4.5.1/avr5\libgcc.a(_epilogue.o)
                0x00001e82                . = ALIGN (0x2)
 *(.text.*)
 .text.libgcc   0x00001e82       0x28 c:/program files/atmel/avr tools/avr toolchain/bin/../lib/gcc/avr/4.5.1/avr5\libgcc.a(_udivmodhi4.o)
                0x00001e82                __udivmodhi4
 .text.libgcc   0x00001eaa       0x26 c:/program files/atmel/avr tools/avr toolchain/bin/../lib/gcc/avr/4.5.1/avr5\libgcc.a(_divmodhi4.o)
                0x00001eaa                _div
                0x00001eaa                __divmodhi4
 .text.libgcc   0x00001ed0        0x0 c:/program files/atmel/avr tools/avr toolchain/bin/../lib/gcc/avr/4.5.1/avr5\libgcc.a(_exit.o)
 .text.libgcc   0x00001ed0        0x0 c:/program files/atmel/avr tools/avr toolchain/bin/../lib/gcc/avr/4.5.1/avr5\libgcc.a(_copy_data.o)
 .text.libgcc   0x00001ed0        0x0 c:/program files/atmel/avr tools/avr toolchain/bin/../lib/gcc/avr/4.5.1/avr5\libgcc.a(_clear_bss.o)
 .text.avr-libc
                0x00001ed0       0x44 c:/program files/atmel/avr tools/avr toolchain/bin/../lib/gcc/avr/4.5.1/../../../../avr/lib/avr5\libc.a(dtostrf.o)
                0x00001ed0                dtostrf
 .text.avr-libc
                0x00001f14       0x68 c:/program files/atmel/avr tools/avr toolchain/bin/../lib/gcc/avr/4.5.1/../../../../avr/lib/avr5\libc.a(ltoa.o)
                0x00001f14                ltoa
 .text.avr-libc
                0x00001f7c      0x2ae c:/program files/atmel/avr tools/avr toolchain/bin/../lib/gcc/avr/4.5.1/../../../../avr/lib/avr5\libc.a(dtoa_prf.o)
                0x00001f7c                dtoa_prf
 .text.avr-libc
                0x0000222a      0x1b0 c:/program files/atmel/avr tools/avr toolchain/bin/../lib/gcc/avr/4.5.1/../../../../avr/lib/avr5\libc.a(ftoa_engine.o)
                0x0000222a                __ftoa_engine
 .text.avr-libc
                0x000023da       0x20 c:/program files/atmel/avr tools/avr toolchain/bin/../lib/gcc/avr/4.5.1/../../../../avr/lib/avr5\libc.a(strrev.o)
                0x000023da                strrev
 .text.libgcc   0x000023fa       0x44 c:/program files/atmel/avr tools/avr toolchain/bin/../lib/gcc/avr/4.5.1/avr5\libgcc.a(_udivmodsi4.o)
                0x000023fa                __udivmodsi4
 .text.libgcc   0x0000243e       0x38 c:/program files/atmel/avr tools/avr toolchain/bin/../lib/gcc/avr/4.5.1/avr5\libgcc.a(_prologue.o)
                0x0000243e                __prologue_saves__
 .text.libgcc   0x00002476       0x36 c:/program files/atmel/avr tools/avr toolchain/bin/../lib/gcc/avr/4.5.1/avr5\libgcc.a(_epilogue.o)
                0x00002476                __epilogue_restores__
                0x000024ac                . = ALIGN (0x2)
 *(.fini9)
 .fini9         0x000024ac        0x0 c:/program files/atmel/avr tools/avr toolchain/bin/../lib/gcc/avr/4.5.1/avr5\libgcc.a(_exit.o)
                0x000024ac                _exit
                0x000024ac                exit
 *(.fini9)
 *(.fini8)
 *(.fini8)
 *(.fini7)
 *(.fini7)
 *(.fini6)
 *(.fini6)
 *(.fini5)
 *(.fini5)
 *(.fini4)
 *(.fini4)
 *(.fini3)
 *(.fini3)
 *(.fini2)
 *(.fini2)
 *(.fini1)
 *(.fini1)
 *(.fini0)
 .fini0         0x000024ac        0x4 c:/program files/atmel/avr tools/avr toolchain/bin/../lib/gcc/avr/4.5.1/avr5\libgcc.a(_exit.o)
 *(.fini0)
                0x000024b0                _etext = .

.data           0x00800060       0x10 load address 0x000024b0
                0x00800060                PROVIDE (__data_start, .)
 *(.data)
 .data          0x00800060        0x0 c:/program files/atmel/avr tools/avr toolchain/bin/../lib/gcc/avr/4.5.1/../../../../avr/lib/avr5/crtm16.o
 .data          0x00800060        0xf 04_projex.o
 .data          0x0080006f        0x0 c:/program files/atmel/avr tools/avr toolchain/bin/../lib/gcc/avr/4.5.1/avr5\libgcc.a(_udivmodhi4.o)
 .data          0x0080006f        0x0 c:/program files/atmel/avr tools/avr toolchain/bin/../lib/gcc/avr/4.5.1/avr5\libgcc.a(_divmodhi4.o)
 .data          0x0080006f        0x0 c:/program files/atmel/avr tools/avr toolchain/bin/../lib/gcc/avr/4.5.1/avr5\libgcc.a(_exit.o)
 .data          0x0080006f        0x0 c:/program files/atmel/avr tools/avr toolchain/bin/../lib/gcc/avr/4.5.1/avr5\libgcc.a(_copy_data.o)
 .data          0x0080006f        0x0 c:/program files/atmel/avr tools/avr toolchain/bin/../lib/gcc/avr/4.5.1/avr5\libgcc.a(_clear_bss.o)
 .data          0x0080006f        0x0 c:/program files/atmel/avr tools/avr toolchain/bin/../lib/gcc/avr/4.5.1/../../../../avr/lib/avr5\libc.a(dtostrf.o)
 .data          0x0080006f        0x0 c:/program files/atmel/avr tools/avr toolchain/bin/../lib/gcc/avr/4.5.1/../../../../avr/lib/avr5\libc.a(ltoa.o)
 .data          0x0080006f        0x0 c:/program files/atmel/avr tools/avr toolchain/bin/../lib/gcc/avr/4.5.1/../../../../avr/lib/avr5\libc.a(dtoa_prf.o)
 .data          0x0080006f        0x0 c:/program files/atmel/avr tools/avr toolchain/bin/../lib/gcc/avr/4.5.1/../../../../avr/lib/avr5\libc.a(ftoa_engine.o)
 .data          0x0080006f        0x0 c:/program files/atmel/avr tools/avr toolchain/bin/../lib/gcc/avr/4.5.1/../../../../avr/lib/avr5\libc.a(strrev.o)
 .data          0x0080006f        0x0 c:/program files/atmel/avr tools/avr toolchain/bin/../lib/gcc/avr/4.5.1/avr5\libgcc.a(_udivmodsi4.o)
 .data          0x0080006f        0x0 c:/program files/atmel/avr tools/avr toolchain/bin/../lib/gcc/avr/4.5.1/avr5\libgcc.a(_prologue.o)
 .data          0x0080006f        0x0 c:/program files/atmel/avr tools/avr toolchain/bin/../lib/gcc/avr/4.5.1/avr5\libgcc.a(_epilogue.o)
 *(.data*)
 *(.rodata)
 *(.rodata*)
 *(.gnu.linkonce.d*)
                0x00800070                . = ALIGN (0x2)
 *fill*         0x0080006f        0x1 00
                0x00800070                _edata = .
                0x00800070                PROVIDE (__data_end, .)

.bss            0x00800070       0x14
                0x00800070                PROVIDE (__bss_start, .)
 *(.bss)
 .bss           0x00800070        0x0 c:/program files/atmel/avr tools/avr toolchain/bin/../lib/gcc/avr/4.5.1/../../../../avr/lib/avr5/crtm16.o
 .bss           0x00800070       0x14 04_projex.o
                0x00800070                _duty1
                0x00800071                _duty2
                0x00800072                pwm_ini
                0x00800073                lcd_ini
                0x00800074                _lcd_clear_display
                0x00800075                servo_ini
                0x00800076                activeServo
                0x0080007b                timeBaseServo
                0x00800080                timerTick
 .bss           0x00800084        0x0 c:/program files/atmel/avr tools/avr toolchain/bin/../lib/gcc/avr/4.5.1/avr5\libgcc.a(_udivmodhi4.o)
 .bss           0x00800084        0x0 c:/program files/atmel/avr tools/avr toolchain/bin/../lib/gcc/avr/4.5.1/avr5\libgcc.a(_divmodhi4.o)
 .bss           0x00800084        0x0 c:/program files/atmel/avr tools/avr toolchain/bin/../lib/gcc/avr/4.5.1/avr5\libgcc.a(_exit.o)
 .bss           0x00800084        0x0 c:/program files/atmel/avr tools/avr toolchain/bin/../lib/gcc/avr/4.5.1/avr5\libgcc.a(_copy_data.o)
 .bss           0x00800084        0x0 c:/program files/atmel/avr tools/avr toolchain/bin/../lib/gcc/avr/4.5.1/avr5\libgcc.a(_clear_bss.o)
 .bss           0x00800084        0x0 c:/program files/atmel/avr tools/avr toolchain/bin/../lib/gcc/avr/4.5.1/../../../../avr/lib/avr5\libc.a(dtostrf.o)
 .bss           0x00800084        0x0 c:/program files/atmel/avr tools/avr toolchain/bin/../lib/gcc/avr/4.5.1/../../../../avr/lib/avr5\libc.a(ltoa.o)
 .bss           0x00800084        0x0 c:/program files/atmel/avr tools/avr toolchain/bin/../lib/gcc/avr/4.5.1/../../../../avr/lib/avr5\libc.a(dtoa_prf.o)
 .bss           0x00800084        0x0 c:/program files/atmel/avr tools/avr toolchain/bin/../lib/gcc/avr/4.5.1/../../../../avr/lib/avr5\libc.a(ftoa_engine.o)
 .bss           0x00800084        0x0 c:/program files/atmel/avr tools/avr toolchain/bin/../lib/gcc/avr/4.5.1/../../../../avr/lib/avr5\libc.a(strrev.o)
 .bss           0x00800084        0x0 c:/program files/atmel/avr tools/avr toolchain/bin/../lib/gcc/avr/4.5.1/avr5\libgcc.a(_udivmodsi4.o)
 .bss           0x00800084        0x0 c:/program files/atmel/avr tools/avr toolchain/bin/../lib/gcc/avr/4.5.1/avr5\libgcc.a(_prologue.o)
 .bss           0x00800084        0x0 c:/program files/atmel/avr tools/avr toolchain/bin/../lib/gcc/avr/4.5.1/avr5\libgcc.a(_epilogue.o)
 *(.bss*)
 *(COMMON)
                0x00800084                PROVIDE (__bss_end, .)
                0x000024b0                __data_load_start = LOADADDR (.data)
                0x000024c0                __data_load_end = (__data_load_start + SIZEOF (.data))

.noinit         0x00800084        0x0
                0x00800084                PROVIDE (__noinit_start, .)
 *(.noinit*)
                0x00800084                PROVIDE (__noinit_end, .)
                0x00800084                _end = .
                0x00800084                PROVIDE (__heap_start, .)

.eeprom         0x00810000        0x0
 *(.eeprom*)
                0x00810000                __eeprom_end = .

.fuse
 *(.fuse)
 *(.lfuse)
 *(.hfuse)
 *(.efuse)

.lock
 *(.lock*)

.signature
 *(.signature*)

.stab           0x00000000     0x1470
 *(.stab)
 .stab          0x00000000      0x6cc c:/program files/atmel/avr tools/avr toolchain/bin/../lib/gcc/avr/4.5.1/../../../../avr/lib/avr5/crtm16.o
 .stab          0x000006cc      0x294 c:/program files/atmel/avr tools/avr toolchain/bin/../lib/gcc/avr/4.5.1/../../../../avr/lib/avr5\libc.a(ltoa.o)
                                0x2a0 (size before relaxing)
 .stab          0x00000960      0xa38 c:/program files/atmel/avr tools/avr toolchain/bin/../lib/gcc/avr/4.5.1/../../../../avr/lib/avr5\libc.a(ftoa_engine.o)
                                0xa44 (size before relaxing)
 .stab          0x00001398       0xd8 c:/program files/atmel/avr tools/avr toolchain/bin/../lib/gcc/avr/4.5.1/../../../../avr/lib/avr5\libc.a(strrev.o)
                                 0xe4 (size before relaxing)

.stabstr        0x00000000      0x1b4
 *(.stabstr)
 .stabstr       0x00000000      0x1b4 c:/program files/atmel/avr tools/avr toolchain/bin/../lib/gcc/avr/4.5.1/../../../../avr/lib/avr5/crtm16.o

.stab.excl
 *(.stab.excl)

.stab.exclstr
 *(.stab.exclstr)

.stab.index
 *(.stab.index)

.stab.indexstr
 *(.stab.indexstr)

.comment
 *(.comment)

.debug
 *(.debug)

.line
 *(.line)

.debug_srcinfo
 *(.debug_srcinfo)

.debug_sfnames
 *(.debug_sfnames)

.debug_aranges  0x00000000       0x60
 *(.debug_aranges)
 .debug_aranges
                0x00000000       0x20 04_projex.o
 .debug_aranges
                0x00000020       0x20 c:/program files/atmel/avr tools/avr toolchain/bin/../lib/gcc/avr/4.5.1/../../../../avr/lib/avr5\libc.a(dtostrf.o)
 .debug_aranges
                0x00000040       0x20 c:/program files/atmel/avr tools/avr toolchain/bin/../lib/gcc/avr/4.5.1/../../../../avr/lib/avr5\libc.a(dtoa_prf.o)

.debug_pubnames
                0x00000000      0x3a0
 *(.debug_pubnames)
 .debug_pubnames
                0x00000000      0x363 04_projex.o
 .debug_pubnames
                0x00000363       0x1e c:/program files/atmel/avr tools/avr toolchain/bin/../lib/gcc/avr/4.5.1/../../../../avr/lib/avr5\libc.a(dtostrf.o)
 .debug_pubnames
                0x00000381       0x1f c:/program files/atmel/avr tools/avr toolchain/bin/../lib/gcc/avr/4.5.1/../../../../avr/lib/avr5\libc.a(dtoa_prf.o)

.debug_info     0x00000000      0xfbe
 *(.debug_info)
 .debug_info    0x00000000      0xda7 04_projex.o
 .debug_info    0x00000da7       0xdb c:/program files/atmel/avr tools/avr toolchain/bin/../lib/gcc/avr/4.5.1/../../../../avr/lib/avr5\libc.a(dtostrf.o)
 .debug_info    0x00000e82      0x13c c:/program files/atmel/avr tools/avr toolchain/bin/../lib/gcc/avr/4.5.1/../../../../avr/lib/avr5\libc.a(dtoa_prf.o)
 *(.gnu.linkonce.wi.*)

.debug_abbrev   0x00000000      0x2b5
 *(.debug_abbrev)
 .debug_abbrev  0x00000000      0x195 04_projex.o
 .debug_abbrev  0x00000195       0x79 c:/program files/atmel/avr tools/avr toolchain/bin/../lib/gcc/avr/4.5.1/../../../../avr/lib/avr5\libc.a(dtostrf.o)
 .debug_abbrev  0x0000020e       0xa7 c:/program files/atmel/avr tools/avr toolchain/bin/../lib/gcc/avr/4.5.1/../../../../avr/lib/avr5\libc.a(dtoa_prf.o)

.debug_line     0x00000000     0x1849
 *(.debug_line)
 .debug_line    0x00000000     0x1313 04_projex.o
 .debug_line    0x00001313       0xbe c:/program files/atmel/avr tools/avr toolchain/bin/../lib/gcc/avr/4.5.1/../../../../avr/lib/avr5\libc.a(dtostrf.o)
 .debug_line    0x000013d1      0x478 c:/program files/atmel/avr tools/avr toolchain/bin/../lib/gcc/avr/4.5.1/../../../../avr/lib/avr5\libc.a(dtoa_prf.o)

.debug_frame    0x00000000      0x400
 *(.debug_frame)
 .debug_frame   0x00000000      0x3c0 04_projex.o
 .debug_frame   0x000003c0       0x20 c:/program files/atmel/avr tools/avr toolchain/bin/../lib/gcc/avr/4.5.1/../../../../avr/lib/avr5\libc.a(dtostrf.o)
 .debug_frame   0x000003e0       0x20 c:/program files/atmel/avr tools/avr toolchain/bin/../lib/gcc/avr/4.5.1/../../../../avr/lib/avr5\libc.a(dtoa_prf.o)

.debug_str      0x00000000      0x3f0
 *(.debug_str)
 .debug_str     0x00000000      0x30a 04_projex.o
                                0x356 (size before relaxing)
 .debug_str     0x0000030a       0x78 c:/program files/atmel/avr tools/avr toolchain/bin/../lib/gcc/avr/4.5.1/../../../../avr/lib/avr5\libc.a(dtostrf.o)
                                 0xf0 (size before relaxing)
 .debug_str     0x00000382       0x6e c:/program files/atmel/avr tools/avr toolchain/bin/../lib/gcc/avr/4.5.1/../../../../avr/lib/avr5\libc.a(dtoa_prf.o)
                                 0xfe (size before relaxing)

.debug_loc      0x00000000      0x622
 *(.debug_loc)
 .debug_loc     0x00000000       0x90 c:/program files/atmel/avr tools/avr toolchain/bin/../lib/gcc/avr/4.5.1/../../../../avr/lib/avr5\libc.a(dtostrf.o)
 .debug_loc     0x00000090      0x592 c:/program files/atmel/avr tools/avr toolchain/bin/../lib/gcc/avr/4.5.1/../../../../avr/lib/avr5\libc.a(dtoa_prf.o)

.debug_macinfo
 *(.debug_macinfo)
OUTPUT(04_projex.elf elf32-avr)
LOAD linker stubs

.debug_pubtypes
                0x00000000       0x42
 .debug_pubtypes
                0x00000000       0x1e 04_projex.o
 .debug_pubtypes
                0x0000001e       0x12 c:/program files/atmel/avr tools/avr toolchain/bin/../lib/gcc/avr/4.5.1/../../../../avr/lib/avr5\libc.a(dtostrf.o)
 .debug_pubtypes
                0x00000030       0x12 c:/program files/atmel/avr tools/avr toolchain/bin/../lib/gcc/avr/4.5.1/../../../../avr/lib/avr5\libc.a(dtoa_prf.o)

.debug_ranges   0x00000000       0x20
 .debug_ranges  0x00000000       0x10 c:/program files/atmel/avr tools/avr toolchain/bin/../lib/gcc/avr/4.5.1/../../../../avr/lib/avr5\libc.a(dtostrf.o)
 .debug_ranges  0x00000010       0x10 c:/program files/atmel/avr tools/avr toolchain/bin/../lib/gcc/avr/4.5.1/../../../../avr/lib/avr5\libc.a(dtoa_prf.o)
